 ￫ [33mwarning[hello][m
 ￮ [33mthis is a warning
   having two lines[m

 ￫ [31merror[bye][m
 ￮ [31mthis is an error
   having two lines[m

 ￫ [41;30mbug[hello][m
 ￭ /path/to/file.cool
 [2m1 |[m aaa[4;41;30maaaaaaa[m
 [2m2 |[m [4;41;30mbbbbbbbbbb[m
 [2m3 |[m [4;41;30mcccc[mcccccc
   [2m^[m [41;30mthis is a bug[m

 ￫ [31merror[hello][m
 ￭ /path/to/file.cool
 [2m1 |[m aaa[4;31maaaaaaa[m
 [2m2 |[m [4;31mbbbbbbbbbb[m
 [2m3 |[m [4;31mcccc[mcccccc
   [2m^[m [31mthis is an error[m

 ￫ [33mwarning[hello][m
 ￭ /path/to/file.cool
 [2m1 |[m aaa[4;33maaaaaaa[m
 [2m2 |[m [4;33mbbbbbbbbbb[m
 [2m3 |[m [4;33mcccc[mcccccc
   [2m^[m [33mthis is a warning[m

 ￫ [32minfo[hello][m
 ￭ /path/to/file.cool
 [2m1 |[m aaa[4;32maaaaaaa[m
 [2m2 |[m [4;32mbbbbbbbbbb[m
 [2m3 |[m [4;32mcccc[mcccccc
   [2m^[m [32mthis is an info[m

 ￫ [34mhint[hello][m
 ￭ /path/to/file.cool
 [2m1 |[m aaa[4;34maaaaaaa[m
 [2m2 |[m [4;34mbbbbbbbbbb[m
 [2m3 |[m [4;34mcccc[mcccccc
   [2m^[m [34mthis is a hint[m

 ￫ [33mwarning[hello][m
 [2mꭍ[m ￮ [33mwhen peaking into the abyss[m
 ￭ /path/to/file.cool
 [2m1 |[m aaa[4;33maaaaaaa[m
 [2m2 |[m [4;33mbbbbbbbbbb[m
 [2m3 |[m [4;33mcccc[mcccccc
   [2m^[m [33mhello from here[m

 ￫ [33mwarning[hello][m
 [2m╭[m ￮ [33mwhen peaking into the abyss[m
 [2m╯[m ￮ [33mwhen peaking into the deep abyss[m
 ￭ /path/to/file.cool
 [2m1 |[m aaa[4;33maaaaaaa[m
 [2m2 |[m [4;33mbbbbbbbbbb[m
 [2m3 |[m [4;33mcccc[mcccccc
   [2m^[m [33mhello from here[m

 ￫ [33mwarning[hello][m
 [2m╭[m ￭ /path/to/file.cool
 [2m┆[m [2m1 |[m a[4;33maaaaaaaaa[m
 [2m┆[m [2m2 |[m [4;33mbbbbbbbbbb[m
 [2m┆[m [2m3 |[m [4;33mcccc[mcccccc
 [2m╯[m   [2m^[m [33mwhen stepping into the abyss[m
 ￭ /path/to/file.cool
 [2m1 |[m aaa[4;33maaaaaaa[m
 [2m2 |[m [4;33mbbbbbbbbbb[m
 [2m3 |[m [4;33mcccc[mcccccc
   [2m^[m [33mhello from here[m

 ￫ [32minfo[hello][m
 [2m╭[m ￭ /path/to/file.cool
 [2m┆[m [2m1 |[m a[4;32maaaaaaaaa[m
 [2m┆[m [2m2 |[m [4;32mbbbbbbbbbb[m
 [2m┆[m [2m3 |[m [4;32mcccc[mcccccc
 [2m┆[m   [2m^[m [32mwhen stepping into the abyss[m
 [2m┆[m ￭ /path/to/file.cool
 [2m┆[m [2m1 |[m a[4;32maaaaaaaaa[m
 [2m┆[m [2m2 |[m [4;32mbbbbbbbbbb[m
 [2m┆[m [2m3 |[m [4;32mcccc[mcccccc
 [2m╯[m   [2m^[m [32mwhen stepping into the deep abyss[m
 ￭ /path/to/file.cool
 [2m1 |[m aaa[4;32maaaaaaa[m
 [2m2 |[m [4;32mbbbbbbbbbb[m
 [2m3 |[m [4;32mcccc[mcccccc
   [2m^[m [32mhello from here[m

 ￫ [33mwarning[hello][m
 [2m 1 |[m aaa[4maaaaaaa[m
 [2m 2 |[m [4mb[mbb[4;33mbbbb[mb[4mb[mb
    [2m^[m message 6
    [2m^[m [33mthis is the main message[m
    [2m^[m message 5
 [2m 3 |[m cccc[4mc[mccccc
    [2m^[m message 4
 ￭ /path/to/file.cool
 [2m 1 |[m aaa[4maaaaaaa[m
 [2m 2 |[m [4mb[m[4mbbbbbbbbb[m
    [2m^[m message 7
 [2m 3 |[m [4mcccc[mcccccc
    [2m^[m message 2
 [2m10 |[m [4m‹POS›[mjjjjjjjjjj
    [2m^[m message 8
 ￮ message 1
 ￮ message 3

 ￫ [33mwarning[hello][m
 [2m23 |[m wwwwwwwwww[4;33m‹EOF›[m
    [2m^[m [33mthis is the main message[m
 ￭ /path/to/file.cool
 [2m23 |[m wwwwwwwwww[4m‹EOF›[m
    [2m^[m ending of another file

 ￫ [1mwarning[hello][m
 ￮ [1mthis is a warning
   having two lines[m

 ￫ [1merror[bye][m
 ￮ [1mthis is an error
   having two lines[m

 ￫ [1mbug[hello][m
 ￭ /path/to/file.cool
 [2m1 |[m aaa[4;1maaaaaaa[m
 [2m2 |[m [4;1mbbbbbbbbbb[m
 [2m3 |[m [4;1mcccc[mcccccc
   [2m^[m [1mthis is a bug[m

 ￫ [1merror[hello][m
 ￭ /path/to/file.cool
 [2m1 |[m aaa[4;1maaaaaaa[m
 [2m2 |[m [4;1mbbbbbbbbbb[m
 [2m3 |[m [4;1mcccc[mcccccc
   [2m^[m [1mthis is an error[m

 ￫ [1mwarning[hello][m
 ￭ /path/to/file.cool
 [2m1 |[m aaa[4;1maaaaaaa[m
 [2m2 |[m [4;1mbbbbbbbbbb[m
 [2m3 |[m [4;1mcccc[mcccccc
   [2m^[m [1mthis is a warning[m

 ￫ [1minfo[hello][m
 ￭ /path/to/file.cool
 [2m1 |[m aaa[4;1maaaaaaa[m
 [2m2 |[m [4;1mbbbbbbbbbb[m
 [2m3 |[m [4;1mcccc[mcccccc
   [2m^[m [1mthis is an info[m

 ￫ [1mhint[hello][m
 ￭ /path/to/file.cool
 [2m1 |[m aaa[4;1maaaaaaa[m
 [2m2 |[m [4;1mbbbbbbbbbb[m
 [2m3 |[m [4;1mcccc[mcccccc
   [2m^[m [1mthis is a hint[m

 ￫ [1mwarning[hello][m
 [2mꭍ[m ￮ [1mwhen peaking into the abyss[m
 ￭ /path/to/file.cool
 [2m1 |[m aaa[4;1maaaaaaa[m
 [2m2 |[m [4;1mbbbbbbbbbb[m
 [2m3 |[m [4;1mcccc[mcccccc
   [2m^[m [1mhello from here[m

 ￫ [1mwarning[hello][m
 [2m╭[m ￮ [1mwhen peaking into the abyss[m
 [2m╯[m ￮ [1mwhen peaking into the deep abyss[m
 ￭ /path/to/file.cool
 [2m1 |[m aaa[4;1maaaaaaa[m
 [2m2 |[m [4;1mbbbbbbbbbb[m
 [2m3 |[m [4;1mcccc[mcccccc
   [2m^[m [1mhello from here[m

 ￫ [1mwarning[hello][m
 [2m╭[m ￭ /path/to/file.cool
 [2m┆[m [2m1 |[m a[4;1maaaaaaaaa[m
 [2m┆[m [2m2 |[m [4;1mbbbbbbbbbb[m
 [2m┆[m [2m3 |[m [4;1mcccc[mcccccc
 [2m╯[m   [2m^[m [1mwhen stepping into the abyss[m
 ￭ /path/to/file.cool
 [2m1 |[m aaa[4;1maaaaaaa[m
 [2m2 |[m [4;1mbbbbbbbbbb[m
 [2m3 |[m [4;1mcccc[mcccccc
   [2m^[m [1mhello from here[m

 ￫ [1minfo[hello][m
 [2m╭[m ￭ /path/to/file.cool
 [2m┆[m [2m1 |[m a[4;1maaaaaaaaa[m
 [2m┆[m [2m2 |[m [4;1mbbbbbbbbbb[m
 [2m┆[m [2m3 |[m [4;1mcccc[mcccccc
 [2m┆[m   [2m^[m [1mwhen stepping into the abyss[m
 [2m┆[m ￭ /path/to/file.cool
 [2m┆[m [2m1 |[m a[4;1maaaaaaaaa[m
 [2m┆[m [2m2 |[m [4;1mbbbbbbbbbb[m
 [2m┆[m [2m3 |[m [4;1mcccc[mcccccc
 [2m╯[m   [2m^[m [1mwhen stepping into the deep abyss[m
 ￭ /path/to/file.cool
 [2m1 |[m aaa[4;1maaaaaaa[m
 [2m2 |[m [4;1mbbbbbbbbbb[m
 [2m3 |[m [4;1mcccc[mcccccc
   [2m^[m [1mhello from here[m

 ￫ [1mwarning[hello][m
 [2m 1 |[m aaa[4maaaaaaa[m
 [2m 2 |[m [4mb[mbb[4;1mbbbb[mb[4mb[mb
    [2m^[m message 6
    [2m^[m [1mthis is the main message[m
    [2m^[m message 5
 [2m 3 |[m cccc[4mc[mccccc
    [2m^[m message 4
 ￭ /path/to/file.cool
 [2m 1 |[m aaa[4maaaaaaa[m
 [2m 2 |[m [4mb[m[4mbbbbbbbbb[m
    [2m^[m message 7
 [2m 3 |[m [4mcccc[mcccccc
    [2m^[m message 2
 [2m10 |[m [4m‹POS›[mjjjjjjjjjj
    [2m^[m message 8
 ￮ message 1
 ￮ message 3

 ￫ [1mwarning[hello][m
 [2m23 |[m wwwwwwwwww[4;1m‹EOF›[m
    [2m^[m [1mthis is the main message[m
 ￭ /path/to/file.cool
 [2m23 |[m wwwwwwwwww[4m‹EOF›[m
    [2m^[m ending of another file

 ￫ warning[hello]
 ￮ this is a warning
   having two lines

 ￫ error[bye]
 ￮ this is an error
   having two lines

 ￫ bug[hello]
 ￭ /path/to/file.cool
 1 | aaa«aaaaaaa
 2 | bbbbbbbbbb
 3 | cccc»cccccc
   ^ this is a bug

 ￫ error[hello]
 ￭ /path/to/file.cool
 1 | aaa«aaaaaaa
 2 | bbbbbbbbbb
 3 | cccc»cccccc
   ^ this is an error

 ￫ warning[hello]
 ￭ /path/to/file.cool
 1 | aaa«aaaaaaa
 2 | bbbbbbbbbb
 3 | cccc»cccccc
   ^ this is a warning

 ￫ info[hello]
 ￭ /path/to/file.cool
 1 | aaa«aaaaaaa
 2 | bbbbbbbbbb
 3 | cccc»cccccc
   ^ this is an info

 ￫ hint[hello]
 ￭ /path/to/file.cool
 1 | aaa«aaaaaaa
 2 | bbbbbbbbbb
 3 | cccc»cccccc
   ^ this is a hint

 ￫ warning[hello]
 ꭍ ￮ when peaking into the abyss
 ￭ /path/to/file.cool
 1 | aaa«aaaaaaa
 2 | bbbbbbbbbb
 3 | cccc»cccccc
   ^ hello from here

 ￫ warning[hello]
 ╭ ￮ when peaking into the abyss
 ╯ ￮ when peaking into the deep abyss
 ￭ /path/to/file.cool
 1 | aaa«aaaaaaa
 2 | bbbbbbbbbb
 3 | cccc»cccccc
   ^ hello from here

 ￫ warning[hello]
 ╭ ￭ /path/to/file.cool
 ┆ 1 | a«aaaaaaaaa
 ┆ 2 | bbbbbbbbbb
 ┆ 3 | cccc»cccccc
 ╯   ^ when stepping into the abyss
 ￭ /path/to/file.cool
 1 | aaa«aaaaaaa
 2 | bbbbbbbbbb
 3 | cccc»cccccc
   ^ hello from here

 ￫ info[hello]
 ╭ ￭ /path/to/file.cool
 ┆ 1 | a«aaaaaaaaa
 ┆ 2 | bbbbbbbbbb
 ┆ 3 | cccc»cccccc
 ┆   ^ when stepping into the abyss
 ┆ ￭ /path/to/file.cool
 ┆ 1 | a«aaaaaaaaa
 ┆ 2 | bbbbbbbbbb
 ┆ 3 | cccc»cccccc
 ╯   ^ when stepping into the deep abyss
 ￭ /path/to/file.cool
 1 | aaa«aaaaaaa
 2 | bbbbbbbbbb
 3 | cccc»cccccc
   ^ hello from here

 ￫ warning[hello]
  1 | aaa«aaaaaaa
  2 | b»bb«bbbb»b«b»b
    ^ message 6
    ^ this is the main message
    ^ message 5
  3 | cccc«c»ccccc
    ^ message 4
 ￭ /path/to/file.cool
  1 | aaa««aaaaaaa
  2 | b»bbbbbbbbb
    ^ message 7
  3 | cccc»cccccc
    ^ message 2
 10 | ‹POS›jjjjjjjjjj
    ^ message 8
 ￮ message 1
 ￮ message 3

 ￫ warning[hello]
 23 | wwwwwwwwww‹EOF›
    ^ this is the main message
 ￭ /path/to/file.cool
 23 | wwwwwwwwww‹EOF›
    ^ ending of another file

